manifest should match snapshot:
  1: |
    apiVersion: v1
    kind: Service
    metadata:
      labels:
        app.kubernetes.io/instance: test-release
        app.kubernetes.io/managed-by: Helm
        app.kubernetes.io/name: slurm-operator
        app.kubernetes.io/version: 1.2.3
        helm.sh/chart: slurm-operator-1.2.3
      name: slurm-operator
      namespace: test-namespace
    spec:
      clusterIP: None
      ports:
        - name: metrics
          port: 8080
          protocol: TCP
          targetPort: 8080
        - name: health
          port: 8081
          protocol: TCP
          targetPort: 8081
      selector:
        app.kubernetes.io/instance: test-release
        app.kubernetes.io/managed-by: Helm
        app.kubernetes.io/name: slurm-operator
        app.kubernetes.io/version: 1.2.3
        helm.sh/chart: slurm-operator-1.2.3
